Preparing build directories...
Assembling kernel/core/boot_stub.asm...
nasm -g -f elf64 -Wall kernel/core/boot_stub.asm -o build/kernel/core/boot_stub.o
Linking kernel...
ld -T kernel/linker.ld -nostdlib -m elf_x86_64 build/kernel/keyboard/keyboard_asm.o build/kernel/core/boot_stub.o build/kernel/core/scheduler/task_switch.o build/kernel/core/gdt_flush.o build/kernel/core/input/mouse_asm.o build/kernel/core/interrupts_asm.o build/kernel/core/pic.o build/kernel/shell/shell.o build/kernel/ide/nomain_syntax.o build/kernel/ide/ide_stub.o build/kernel/security/security_manager.o build/kernel/quantum/quantum_register.o build/kernel/quantum/quantum_adaptive.o build/kernel/quantum/quantum_scheduler.o build/kernel/quantum/quantum_kernel.o build/kernel/quantum/quantum_cross_learning.o build/kernel/quantum/quantum_ai_observer.o build/kernel/quantum/quantum_register_example.o build/kernel/network/icmp.o build/kernel/network/network_subsystem.o build/kernel/network/tcp.o build/kernel/network/ipv4.o build/kernel/network/ethernet.o build/kernel/network/udp.o build/kernel/network/arp.o build/kernel/gui/renderer.o build/kernel/gui/boot_messages.o build/kernel/gui/control_base.o build/kernel/gui/status_bar.o build/kernel/gui/controls/close_button.o build/kernel/gui/controls/button.o build/kernel/gui/controls/scrollbar.o build/kernel/gui/controls/label.o build/kernel/gui/controls/menu.o build/kernel/gui/controls/textbox.o build/kernel/gui/console_window.o build/kernel/keyboard/command.o build/kernel/keyboard/fs_commands.o build/kernel/keyboard/keyboard.o build/kernel/splash_app/qarma_splash_app.o build/kernel/splash_app/qarma_splash_window.o build/kernel/fs/file_subsystem/file_subsystem.o build/kernel/fs/simplefs.o build/kernel/fs/vfs.o build/kernel/fs/fat16.o build/kernel/fs/iso9660.o build/kernel/fs/fs_init.o build/kernel/graphics/framebuffer.o build/kernel/graphics/message_box.o build/kernel/graphics/fonts.o build/kernel/graphics/irq_logger.o build/kernel/graphics/compositor.o build/kernel/graphics/serial_console.o build/kernel/graphics/graphics.o build/kernel/graphics/vga_text.o build/kernel/graphics/popup.o build/kernel/graphics/png_decoder.o build/kernel/graphics/subsystem/video_subsystem.o build/kernel/qarma_win_handle/qarma_window_manager.o build/kernel/qarma_win_handle/window_compositor.o build/kernel/qarma_win_handle/panic.o build/kernel/qarma_win_handle/console_compositor.o build/kernel/qarma_win_handle/main_window.o build/kernel/qarma_win_handle/window_demo.o build/kernel/qarma_win_handle/qarma_win_factory.o build/kernel/qarma_win_handle/qarma_input_events.o build/kernel/qarma_win_handle/login_screen.o build/kernel/qarma_win_handle/qarma_win_handle.o build/kernel/core/scheduler/task_manager.o build/kernel/core/scheduler/scheduler_demo.o build/kernel/core/scheduler/subsystem_registry.o build/kernel/core/scheduler/task_test.o build/kernel/core/interrupts.o build/kernel/core/memory/pmm/pmm.o build/kernel/core/memory/dma_allocator.o build/kernel/core/memory/memory_pool.o build/kernel/core/memory/heap.o build/kernel/core/memory/vmm/vmm.o build/kernel/core/gdt.o build/kernel/core/core_manager.o build/kernel/core/sleep.o build/kernel/core/overlay/overlay.o build/kernel/core/console.o build/kernel/core/timer.o build/kernel/core/text_functions/text.o build/kernel/core/boot_log.o build/kernel/core/memory.o build/kernel/core/clock_overlay.o build/kernel/core/kernel.o build/kernel/core/input/input.o build/kernel/core/input/mouse.o build/kernel/core/input/mock_mouse.o build/kernel/core/blockdev.o build/kernel/core/multiboot.o build/kernel/core/idt.o build/kernel/core/init.o build/kernel/core/string.o build/kernel/core/math.o build/kernel/core/pci.o build/kernel/parallel/pipeline_example.o build/kernel/parallel/parallel_engine.o build/kernel/parallel/execution_pipeline.o build/kernel/drivers/usb/uhci.o build/kernel/drivers/usb/xhci.o build/kernel/drivers/usb/usb_keyboard.o build/kernel/drivers/usb/usb_hid.o build/kernel/drivers/usb/usb_mouse.o build/kernel/drivers/usb/usb.o build/kernel/drivers/usb/usb_msc.o build/kernel/drivers/net/e1000.o build/kernel/drivers/block/ata.o build/kernel/drivers/block/ata_blockdev.o build/kernel/drivers/block/ramdisk.o build/kernel/drivers/block/cdrom.o build/kernel/ai/ai_subsystem.o build/kernel/ai/command_predictor.o build/kernel/ai/ai_persistence.o  -o build/kernel.elf
ld: warning: build/kernel/core/pic.o: missing .note.GNU-stack section implies executable stack
ld: NOTE: This behaviour is deprecated and will be removed in a future version of the linker
objcopy -O binary build/kernel.elf build/kernel.bin
Creating QARMA OS ISO...
xorriso 1.5.6 : RockRidge filesystem manipulator, libburnia project.

Drive current: -outdev 'stdio:build/qarma.iso'
Media current: stdio file, overwriteable
Media status : is blank
Media summary: 0 sessions, 0 data blocks, 0 data,  937g free
Added to ISO image: directory '/'='/tmp/grub.pWNHcz'
xorriso : UPDATE :     295 files added in 1 seconds
Added to ISO image: directory '/'='/home/dmort/qarma/build/iso'
xorriso : UPDATE :     299 files added in 1 seconds
xorriso : NOTE : Copying to System Area: 512 bytes from file '/usr/lib/grub/i386-pc/boot_hybrid.img'
ISO image produced: 3690 sectors
Written to medium : 3690 sectors at LBA 0
Writing to 'stdio:build/qarma.iso' completed successfully.

Booting QARMA OS in QEMU x86_64 (8 CPUs)...
qemu-system-x86_64 -cdrom build/qarma.iso -boot d -m 4096M -vga std -smp 8 -serial file:qarma_serial.log -device isa-debug-exit,iobase=0x501,iosize=0x01 -device qemu-xhci,id=xhci -device usb-kbd,bus=xhci.0 -device usb-tablet,bus=xhci.0 -cpu qemu64
