=== QARMA Network Log ===
[detect] BAR dump:  b0x00000000=0xFEB80000 b0x00000001=0x0000C041 b0x00000002=0x00000000 b0x00000003=0x00000000 b0x00000004=0x00000000 b0x00000005=0x00000000 chosen=0x00000000 phys=0xFEB80000 virt=0xFEB80000
[detect] mmio probe CTRL0=0x00140240 CTRL1=0x00140261 IM0=0x00000000 IM1=0xFFFFFFFF TIPG=0x00000000
[init] eeprom present=0x00000001
[rxbuf-map] i=0x00000000 phys=0x00E00000 virt=0xE2000000 patt=0x00000000 0x00000000 0x00000000 0x00000000 ok=0x00000000
[rxbuf-map] i=0x00000001 phys=0x00E20000 virt=0xE2001000 patt=0x00000000 0x00000000 0x00000000 0x00000000 ok=0x00000000
[rxbuf-map] i=0x00000002 phys=0x00E30000 virt=0xE2002000 patt=0x00000000 0x00000000 0x00000000 0x00000000 ok=0x00000000
[rxbuf-map] i=0x00000003 phys=0x00E40000 virt=0xE2003000 patt=0x00000000 0x00000000 0x00000000 0x00000000 ok=0x00000000
[init] start
[init] pci bus=0x00000000 slot=0x00000005 func=0x00000000
[init] mmio base=0xFEB80000 mapped=0x00000001
[init] pci cmd after set=0x00000107
[init] WARN: EEPROM auto-read not observed (continuing)
[init] post-reset ICR=0x00000000 STATUS=0x80080783
[status] reset raw=0x80080783 lu=0x00000001 fd=0x00000001 sp=0x000003E8
[init] imask rw probe 0->0xFFFFFFFF -> 0xFFFFFFFF
[init] MAC RAL0=0x12005452 RAH0=0x80005634
[init] program rings rdlen_test=0x00001000
[ring] phys rx=0x00DF0000 tx=0x01020000
[ring] rx post RDLO=0x00DF0000 RDHI=0x00000000 RDLEN=0x00000200 RDT=0x0000001F
[ring] rx enable RCTL=0x0400801E RDH=0x00000000 RDT=0x0000001F
[rxrese] begin reason=post-enable RCTL=0x0400801E H=0x00000000 T=0x0000001F
[rxrese] end RCTL=0x0400801E H=0x00000000 T=0x0000001F
[ring] rx tail re-adv RDT=0x0000001F
[rxdesc] i=0x00000000 addr_lo=0x00E00000 addr_hi=0x00000000
[rxdesc] i=0x00000001 addr_lo=0x00E20000 addr_hi=0x00000000
[rxdesc] i=0x00000002 addr_lo=0x00E30000 addr_hi=0x00000000
[rxdesc] i=0x00000003 addr_lo=0x00E40000 addr_hi=0x00000000
[rxdesc-all] i=0x00000000 addr_lo=0x00E00000 addr_hi=0x00000000 st=0x00000000 l=0x00000000
[rxdesc-all] i=0x00000001 addr_lo=0x00E20000 addr_hi=0x00000000 st=0x00000000 l=0x00000000
[rxdesc-all] i=0x00000002 addr_lo=0x00E30000 addr_hi=0x00000000 st=0x00000000 l=0x00000000
[rxdesc-all] i=0x00000003 addr_lo=0x00E40000 addr_hi=0x00000000 st=0x00000000 l=0x00000000
[rxdesc-all] i=0x00000004 addr_lo=0x00E50000 addr_hi=0x00000000 st=0x00000000 l=0x00000000
[rxdesc-all] i=0x00000005 addr_lo=0x00E60000 addr_hi=0x00000000 st=0x00000000 l=0x00000000
[rxdesc-all] i=0x00000006 addr_lo=0x00E80000 addr_hi=0x00000000 st=0x00000000 l=0x00000000
[rxdesc-all] i=0x00000007 addr_lo=0x00E90000 addr_hi=0x00000000 st=0x00000000 l=0x00000000
[rxdesc-all] i=0x00000008 addr_lo=0x00EA0000 addr_hi=0x00000000 st=0x00000000 l=0x00000000
[rxdesc-all] i=0x00000009 addr_lo=0x00EB0000 addr_hi=0x00000000 st=0x00000000 l=0x00000000
[rxdesc-all] i=0x0000000A addr_lo=0x00EC0000 addr_hi=0x00000000 st=0x00000000 l=0x00000000
[rxdesc-all] i=0x0000000B addr_lo=0x00ED0000 addr_hi=0x00000000 st=0x00000000 l=0x00000000
[rxdesc-all] i=0x0000000C addr_lo=0x00EE0000 addr_hi=0x00000000 st=0x00000000 l=0x00000000
[rxdesc-all] i=0x0000000D addr_lo=0x00EF0000 addr_hi=0x00000000 st=0x00000000 l=0x00000000
[rxdesc-all] i=0x0000000E addr_lo=0x00F00000 addr_hi=0x00000000 st=0x00000000 l=0x00000000
[rxdesc-all] i=0x0000000F addr_lo=0x00F10000 addr_hi=0x00000000 st=0x00000000 l=0x00000000
[rxdesc-all] i=0x00000010 addr_lo=0x00F20000 addr_hi=0x00000000 st=0x00000000 l=0x00000000
[rxdesc-all] i=0x00000011 addr_lo=0x00F30000 addr_hi=0x00000000 st=0x00000000 l=0x00000000
[rxdesc-all] i=0x00000012 addr_lo=0x00F40000 addr_hi=0x00000000 st=0x00000000 l=0x00000000
[rxdesc-all] i=0x00000013 addr_lo=0x00F50000 addr_hi=0x00000000 st=0x00000000 l=0x00000000
[rxdesc-all] i=0x00000014 addr_lo=0x00F60000 addr_hi=0x00000000 st=0x00000000 l=0x00000000
[rxdesc-all] i=0x00000015 addr_lo=0x00F70000 addr_hi=0x00000000 st=0x00000000 l=0x00000000
[rxdesc-all] i=0x00000016 addr_lo=0x00F80000 addr_hi=0x00000000 st=0x00000000 l=0x00000000
[rxdesc-all] i=0x00000017 addr_lo=0x00F90000 addr_hi=0x00000000 st=0x00000000 l=0x00000000
[rxdesc-all] i=0x00000018 addr_lo=0x00FA0000 addr_hi=0x00000000 st=0x00000000 l=0x00000000
[rxdesc-all] i=0x00000019 addr_lo=0x00FB0000 addr_hi=0x00000000 st=0x00000000 l=0x00000000
[rxdesc-all] i=0x0000001A addr_lo=0x00FC0000 addr_hi=0x00000000 st=0x00000000 l=0x00000000
[rxdesc-all] i=0x0000001B addr_lo=0x00FD0000 addr_hi=0x00000000 st=0x00000000 l=0x00000000
[rxdesc-all] i=0x0000001C addr_lo=0x00FE0000 addr_hi=0x00000000 st=0x00000000 l=0x00000000
[rxdesc-all] i=0x0000001D addr_lo=0x00FF0000 addr_hi=0x00000000 st=0x00000000 l=0x00000000
[rxdesc-all] i=0x0000001E addr_lo=0x01000000 addr_hi=0x00000000 st=0x00000000 l=0x00000000
[rxdesc-all] i=0x0000001F addr_lo=0x01010000 addr_hi=0x00000000 st=0x00000000 l=0x00000000
[rxbuf-test] b0=0x00000000 b1=0x00000000
[ring] tx enable TDH=0x00000000 TDT=0x00000000
[phy] addr=0x00000000 ctrl=0x00000000 sts=0x00000000
[mdic] read phy=0x00000001 reg=0x00000000 val=0x00001140 err=0x00000000
[mdic] read phy=0x00000001 reg=0x00000001 val=0x0000794D err=0x00000000
[phy] addr=0x00000001 ctrl=0x00001140 sts=0x0000794D
[phy] using addr=0x00000001
[mdic] write phy=0x00000001 reg=0x00000004 data=0x00000DE1 result=0x00000DE1
[mdic] write phy=0x00000001 reg=0x00000009 data=0x00000200 result=0x00000200
[mdic] read phy=0x00000001 reg=0x00000000 val=0x00001140 err=0x00000000
[mdic] write phy=0x00000001 reg=0x00000000 data=0x00001340 result=0x00001340
[link] ctrl set=0x00140261
[mdic] read phy=0x00000001 reg=0x00000001 val=0x00007949 err=0x00000000
[mdic] repeat phy=0x00000001 reg=0x00000001 val=0x00007949 count=0x00000040
[mdic] repeat phy=0x00000001 reg=0x00000001 val=0x00007949 count=0x00000080
[mdic] repeat phy=0x00000001 reg=0x00000001 val=0x00007949 count=0x000000C0
[mdic] repeat phy=0x00000001 reg=0x00000001 val=0x00007949 count=0x00000100
[mdic] repeat phy=0x00000001 reg=0x00000001 val=0x00007949 count=0x00000140
[mdic] repeat phy=0x00000001 reg=0x00000001 val=0x00007949 count=0x00000180
[mdic] repeat phy=0x00000001 reg=0x00000001 val=0x00007949 count=0x000001C0
[mdic] repeat phy=0x00000001 reg=0x00000001 val=0x00007949 count=0x00000200
[link] phy sts final(latched)=0x00007949 live=0x00007949 tries=0x00000101
[link] forced phy reset ctrl=0x80140261
[mdic] repeat phy=0x00000001 reg=0x00000001 val=0x00007949 count=0x00000240
[link] ctrl reassert (link still down) ctrl=0x00140261
[mdic] read phy=0x00000001 reg=0x00000000 val=0x00001140 err=0x00000000
[mdic] write phy=0x00000001 reg=0x00000000 data=0x00001340 result=0x00001340
[link] phy ctrl re-write new=0x00001340
[mdic] write phy=0x00000001 reg=0x00000000 data=0x00000140 result=0x00000140
[link] forcing BMCR=100FD write=0x00000140
[link] poll status=0x80080781 i=0x00000000
[status] poll raw=0x80080781 lu=0x00000000 fd=0x00000001 sp=0x000003E8
[link] poll status=0x80080781 i=0x00009C40
[status] poll raw=0x80080781 lu=0x00000000 fd=0x00000001 sp=0x000003E8
[link] poll status=0x80080781 i=0x00013880
[status] poll raw=0x80080781 lu=0x00000000 fd=0x00000001 sp=0x000003E8
[link] poll status=0x80080781 i=0x0001D4C0
[status] poll raw=0x80080781 lu=0x00000000 fd=0x00000001 sp=0x000003E8
[link] poll status=0x80080781 i=0x00027100
[status] poll raw=0x80080781 lu=0x00000000 fd=0x00000001 sp=0x000003E8
[link] DOWN status=0x80080781
[txtest] skipped (link down)
[rx] polling enabled
[rxsnap] H=0x00000000 T=0x0000001F RCTL=0x0400801E TCTL=0x000400FA STATUS=0x80080781 d0x00000000 s=0x00000000 l=0x00000000 d0x00000001 s=0x00000000 l=0x00000000 d0x00000002 s=0x00000000 l=0x00000000 d0x00000003 s=0x00000000 l=0x00000000
[rx] head=0x00000000 tail=0x0000001F cur=0x00000000 st=0x00000000
[init] complete
[arp-tx] len=0x0000001C dest=0x000000FF0x000000FF0x000000FF0x000000FF0x000000FF0x000000FF src=0x000000520x000000540x000000000x000000120x000000340x00000056 op=0x00000001
[tx] start
[tx] wait
[tx] copy
[arp-tx-dump] len=0x0000002A desc_cur=0x00000000
 dst=0x000000FF0x000000FF0x000000FF0x000000FF0x000000FF0x000000FF src=0x000000520x000000540x000000000x000000120x000000340x00000056 et=0x00000806
 payload[0..31]=0x000000000x000000010x000000080x000000000x000000060x000000040x000000000x000000010x000000520x000000540x000000000x000000120x000000340x000000560x000000C00x000000A80x000000640x000000020x000000000x000000000x000000000x000000000x000000000x000000000x000000C00x000000A80x000000640x000000020x000000000x000000000x000000000x000000000x000000000x000000000x000000000x000000000x000000000x000000000x000000000x000000000x000000000x00000000
[tx] setup
[arp-tx-desc] phys_lo=0x01030000 phys_hi=0x00000000 len=0x0000002A cmd=0x0000000B st=0x00000000
[tx] notify tail(next)=0x00000001
[tx] tail advance cur=0x00000000 TDH(before)=0x00000000 TDT(before)=0x00000000 TDH(after)=0x00000001 TDT(after)=0x00000001
[tx] done cur=0x00000001
[arp-tx] queued result=0x00000000
[link] change UP status=0x80080783
[status] chg raw=0x80080783 lu=0x00000001 fd=0x00000001 sp=0x000003E8
[rxrese] begin reason=link-up RCTL=0x0400801E H=0x0000000C T=0x0000001F
[rxrese] end RCTL=0x0400801E H=0x00000000 T=0x0000001F
[rx] link-up tail adv RDT=0x0000001F
[arp-tx] len=0x0000001C dest=0x000000FF0x000000FF0x000000FF0x000000FF0x000000FF0x000000FF src=0x000000520x000000540x000000000x000000120x000000340x00000056 op=0x00000002
[tx] start
[tx] wait
[tx] copy
[arp-tx-dump] len=0x0000002A desc_cur=0x00000001
 dst=0x000000FF0x000000FF0x000000FF0x000000FF0x000000FF0x000000FF src=0x000000520x000000540x000000000x000000120x000000340x00000056 et=0x00000806
 payload[0..31]=0x000000000x000000010x000000080x000000000x000000060x000000040x000000000x000000020x000000520x000000540x000000000x000000120x000000340x000000560x000000C00x000000A80x000000640x000000020x000000520x000000540x000000000x000000120x000000340x000000560x000000C00x000000A80x000000640x000000020x000000000x000000000x000000000x000000000x000000000x000000000x000000000x000000000x000000000x000000000x000000000x000000000x000000000x00000000
[tx] setup
[arp-tx-desc] phys_lo=0x01040000 phys_hi=0x00000000 len=0x0000002A cmd=0x0000000B st=0x00000000
[tx] notify tail(next)=0x00000002
[tx] tail advance cur=0x00000001 TDH(before)=0x00000001 TDT(before)=0x00000001 TDH(after)=0x00000002 TDT(after)=0x00000002
[tx] done cur=0x00000002
[arp-tx] queued result=0x00000000
[arp-grat] sent on link-up
[arp-tx] len=0x0000001C dest=0x000000FF0x000000FF0x000000FF0x000000FF0x000000FF0x000000FF src=0x000000520x000000540x000000000x000000120x000000340x00000056 op=0x00000001
[tx] start
[tx] wait
[tx] copy
[arp-tx-dump] len=0x0000002A desc_cur=0x00000002
 dst=0x000000FF0x000000FF0x000000FF0x000000FF0x000000FF0x000000FF src=0x000000520x000000540x000000000x000000120x000000340x00000056 et=0x00000806
 payload[0..31]=0x000000000x000000010x000000080x000000000x000000060x000000040x000000000x000000010x000000520x000000540x000000000x000000120x000000340x000000560x000000C00x000000A80x000000640x000000020x000000000x000000000x000000000x000000000x000000000x000000000x000000C00x000000A80x000000640x000000020x000000000x000000000x000000000x000000000x000000000x000000000x000000000x000000000x000000000x000000000x000000000x000000000x000000000x00000000
[tx] setup
[arp-tx-desc] phys_lo=0x01050000 phys_hi=0x00000000 len=0x0000002A cmd=0x0000000B st=0x00000000
[tx] notify tail(next)=0x00000003
[tx] tail advance cur=0x00000002 TDH(before)=0x00000002 TDT(before)=0x00000002 TDH(after)=0x00000003 TDT(after)=0x00000003
[tx] done cur=0x00000003
[arp-tx] queued result=0x00000000
[eth-rx] len=0x0000005A type=0x00000000 dst=0x000000000x000000000x000000000x000000000x000000000x00000000 src=0x000000000x000000000x000000000x000000000x000000000x00000000
[eth-rx] len=0x0000005A type=0x00000000 dst=0x000000000x000000000x000000000x000000000x000000000x00000000 src=0x000000000x000000000x000000000x000000000x000000000x00000000
[eth-rx] len=0x00000046 type=0x00000000 dst=0x000000000x000000000x000000000x000000000x000000000x00000000 src=0x000000000x000000000x000000000x000000000x000000000x00000000
[eth-rx] len=0x0000005A type=0x00000000 dst=0x000000000x000000000x000000000x000000000x000000000x00000000 src=0x000000000x000000000x000000000x000000000x000000000x00000000
[eth-rx] len=0x00000046 type=0x00000000 dst=0x000000000x000000000x000000000x000000000x000000000x00000000 src=0x000000000x000000000x000000000x000000000x000000000x00000000
[eth-rx] len=0x00000046 type=0x00000000 dst=0x000000000x000000000x000000000x000000000x000000000x00000000 src=0x000000000x000000000x000000000x000000000x000000000x00000000
[eth-rx] len=0x00000046 type=0x00000000 dst=0x000000000x000000000x000000000x000000000x000000000x00000000 src=0x000000000x000000000x000000000x000000000x000000000x00000000
[eth-rx] len=0x00000046 type=0x00000000 dst=0x000000000x000000000x000000000x000000000x000000000x00000000 src=0x000000000x000000000x000000000x000000000x000000000x00000000
[eth-rx] len=0x00000046 type=0x00000000 dst=0x000000000x000000000x000000000x000000000x000000000x00000000 src=0x000000000x000000000x000000000x000000000x000000000x00000000
[eth-rx] len=0x00000046 type=0x00000000 dst=0x000000000x000000000x000000000x000000000x000000000x00000000 src=0x000000000x000000000x000000000x000000000x000000000x00000000
[eth-rx] len=0x00000046 type=0x00000000 dst=0x000000000x000000000x000000000x000000000x000000000x00000000 src=0x000000000x000000000x000000000x000000000x000000000x00000000
[eth-rx] len=0x00000046 type=0x00000000 dst=0x000000000x000000000x000000000x000000000x000000000x00000000 src=0x000000000x000000000x000000000x000000000x000000000x00000000
[rx] head=0x00000000 tail=0x0000000B cur=0x0000000C st=0x00000000
[rxsnap] H=0x00000000 T=0x0000000B RCTL=0x0400801E TCTL=0x000400FA STATUS=0x80080783 d0x00000000 s=0x00000000 l=0x00000000 d0x00000001 s=0x00000000 l=0x00000000 d0x00000002 s=0x00000000 l=0x00000000 d0x00000003 s=0x00000000 l=0x00000000
[rxsnap] H=0x00000000 T=0x0000000B RCTL=0x0400801E TCTL=0x000400FA STATUS=0x80080783 d0x00000000 s=0x00000000 l=0x00000000 d0x00000001 s=0x00000000 l=0x00000000 d0x00000002 s=0x00000000 l=0x00000000 d0x00000003 s=0x00000000 l=0x00000000
[arp-retry] pending count=0x00000001
[rxsnap] H=0x00000000 T=0x0000000B RCTL=0x0400801E TCTL=0x000400FA STATUS=0x80080783 d0x00000000 s=0x00000000 l=0x00000000 d0x00000001 s=0x00000000 l=0x00000000 d0x00000002 s=0x00000000 l=0x00000000 d0x00000003 s=0x00000000 l=0x00000000
[rxsnap] H=0x00000000 T=0x0000000B RCTL=0x0400801E TCTL=0x000400FA STATUS=0x80080783 d0x00000000 s=0x00000000 l=0x00000000 d0x00000001 s=0x00000000 l=0x00000000 d0x00000002 s=0x00000000 l=0x00000000 d0x00000003 s=0x00000000 l=0x00000000
[rxsnap] H=0x00000000 T=0x0000000B RCTL=0x0400801E TCTL=0x000400FA STATUS=0x80080783 d0x00000000 s=0x00000000 l=0x00000000 d0x00000001 s=0x00000000 l=0x00000000 d0x00000002 s=0x00000000 l=0x00000000 d0x00000003 s=0x00000000 l=0x00000000
0000000 d0x00000003 s=0x00000000 l=0x00000000
[rxsnap] H=0x00000000 T=0x00000008 RCTL=0x0400801E TCTL=0x000400FA STATUS=0x80080783 d0x00000000 s=0x00000000 l=0x00000000 d0x00000001 s=0x00000000 l=0x00000000 d0x00000002 s=0x00000000 l=0x00000000 d0x00000003 s=0x00000000 l=0x00000000
[rxsnap] H=0x00000000 T=0x00000008 RCTL=0x0400801E TCTL=0x000400FA STATUS=0x80080783 d0x00000000 s=0x00000000 l=0x00000000 d0x00000001 s=0x00000000 l=0x00000000 d0x00000002 s=0x00000000 l=0x00000000 d0x00000003 s=0x00000000 l=0x00000000
[rxsnap] H=0x00000000 T=0x00000008 RCTL=0x0400801E TCTL=0x000400FA STATUS=0x80080783 d0x00000000 s=0x00000000 l=0x00000000 d0x00000001 s=0x00000000 l=0x00000000 d0x00000002 s=0x00000000 l=0x00000000 d0x00000003 s=0x00000000 l=0x00000000
[rxsnap] H=0x00000000 T=0x00000008 RCTL=0x0400801E TCTL=0x000400FA STATUS=0x80080783 d0x00000000 s=0x00000000 l=0x00000000 d0x00000001 s=0x00000000 l=0x00000000 d0x00000002 s=0x00000000 l=0x00000000 d0x00000003 s=0x00000000 l=0x00000000
[rxsnap] H=0x00000000 T=0x00000008 RCTL=0x0400801E TCTL=0x000400FA STATUS=0x80080783 d0x00000000 s=0x00000000 l=0x00000000 d0x00000001 s=0x00000000 l=0x00000000 d0x00000002 s=0x00000000 l=0x00000000 d0x00000003 s=0x00000000 l=0x00000000
[rxsnap] H=0x00000000 T=0x00000008 RCTL=0x0400801E TCTL=0x000400FA STATUS=0x80080783 d0x00000000 s=0x00000000 l=0x00000000 d0x00000001 s=0x00000000 l=0x00000000 d0x00000002 s=0x00000000 l=0x00000000 d0x00000003 s=0x00000000 l=0x00000000
[rx] head=0x00000000 tail=0x00000008 cur=0x00000009 st=0x00000000
[rxsnap] H=0x00000000 T=0x00000008 RCTL=0x0400801E TCTL=0x000400FA STATUS=0x80080783 d0x00000000 s=0x00000000 l=0x00000000 d0x00000001 s=0x00000000 l=0x00000000 d0x00000002 s=0x00000000 l=0x00000000 d0x00000003 s=0x00000000 l=0x00000000
tcp_connect: SYN src=0x0000C350 dest=0x00001F90
ipv4_send: ARP miss; request sent
[arp-tx] len=0x0000001C dest=0x000000FF0x000000FF0x000000FF0x000000FF0x000000FF0x000000FF src=0x000000520x000000540x000000000x000000120x000000340x00000056 op=0x00000001
[tx] start
[tx] wait
[tx] copy
[arp-tx-dump] len=0x0000002A desc_cur=0x00000004
 dst=0x000000FF0x000000FF0x000000FF0x000000FF0x000000FF0x000000FF src=0x000000520x000000540x000000000x000000120x000000340x00000056 et=0x00000806
 payload[0..31]=0x000000000x000000010x000000080x000000000x000000060x000000040x000000000x000000010x000000520x000000540x000000000x000000120x000000340x000000560x000000AC0x000000110x000000830x000000320x000000000x000000000x000000000x000000000x000000000x000000000x000000AC0x000000110x000000830x000000F00x000000000x000000000x000000000x000000000x000000000x000000000x000000000x000000000x000000000x000000000x000000000x000000000x000000000x00000000
[tx] setup
[arp-tx-desc] phys_lo=0x01070000 phys_hi=0x00000000 len=0x0000002A cmd=0x0000000B st=0x00000000
[tx] notify tail(next)=0x00000005
[tx] tail advance cur=0x00000004 TDH(before)=0x00000004 TDT(before)=0x00000004 TDH(after)=0x00000005 TDT(after)=0x00000005
[tx] done cur=0x00000005
[arp-tx] queued result=0x00000000
[rxsnap] H=0x00000000 T=0x00000008 RCTL=0x0400801E TCTL=0x000400FA STATUS=0x80080783 d0x00000000 s=0x00000000 l=0x00000000 d0x00000001 s=0x00000000 l=0x00000000 d0x00000002 s=0x00000000 l=0x00000000 d0x00000003 s=0x00000000 l=0x00000000
[rxsnap] H=0x00000000 T=0x00000008 RCTL=0x0400801E TCTL=0x000400FA STATUS=0x80080783 d0x00000000 s=0x00000000 l=0x00000000 d0x00000001 s=0x00000000 l=0x00000000 d0x00000002 s=0x00000000 l=0x00000000 d0x00000003 s=0x00000000 l=0x00000000
tcp_connect: ipv4_send failed (ARP or send)
http_get: connect failed
00002 s=0x00000000 l=0x00000000 d0x00000003 s=0x00000000 l=0x00000000
2 s=0x00000000 l=0x00000000 d0x00000003 s=0x00000000 l=0x00000000
tcp_connect: SYN src=0x0000C350 dest=0x00001F90
ipv4_send: ARP miss; request sent
[arp-tx] len=0x0000001C dest=0x000000FF0x000000FF0x000000FF0x000000FF0x000000FF0x000000FF src=0x000000520x000000540x000000000x000000120x000000340x00000056 op=0x00000001
[tx] start
[tx] wait
[tx] copy
[tx] setup
[tx] notify tail(next)=0x00000002
[tx] tail advance cur=0x00000001 TDH(before)=0x00000002 TDT(before)=0x00000002 TDH(after)=0x00000002 TDT(after)=0x00000002
[tx] done cur=0x00000002
[arp-tx] queued result=0x00000000
tcp_connect: ipv4_send failed (ARP or send)
http_get: connect failed
i=0x00000000 st=0x00000000 l=0x00000000
[rxbuf-test] b0=0x000000A5 b1=0x0000005A
[ring] tx enable TDH=0x00000000 TDT=0x00000000
[phy] addr=0x00000000 ctrl=0x00000000 sts=0x00000000
[mdic] read phy=0x00000001 reg=0x00000001 val=0x0000796D err=0x00000000
[phy] addr=0x00000001 ctrl=0x00001140 sts=0x0000796D
[phy] using addr=0x00000001
[link] ctrl set=0x80140261
[mdic] read phy=0x00000001 reg=0x00000000 val=0x00001140 err=0x00000000
[mdic] write phy=0x00000001 reg=0x00000000 data=0x00001340 result=0x00001340
[mdic] read phy=0x00000001 reg=0x00000001 val=0x00007949 err=0x00000000
[mdic] repeat phy=0x00000001 reg=0x00000001 val=0x00007949 count=0x00000040
[mdic] repeat phy=0x00000001 reg=0x00000001 val=0x00007949 count=0x00000080
[mdic] repeat phy=0x00000001 reg=0x00000001 val=0x00007949 count=0x000000C0
[mdic] repeat phy=0x00000001 reg=0x00000001 val=0x00007949 count=0x00000100
[mdic] repeat phy=0x00000001 reg=0x00000001 val=0x00007949 count=0x00000140
[mdic] repeat phy=0x00000001 reg=0x00000001 val=0x00007949 count=0x00000180
[mdic] repeat phy=0x00000001 reg=0x00000001 val=0x00007949 count=0x000001C0
[mdic] repeat phy=0x00000001 reg=0x00000001 val=0x00007949 count=0x00000200
[link] phy sts final(latched)=0x00007949 live=0x00007949 tries=0x00000101
[link] forced phy reset ctrl=0x80140261
[mdic] repeat phy=0x00000001 reg=0x00000001 val=0x00007949 count=0x00000240
[link] ctrl reassert (link still down) ctrl=0x80140261
[mdic] read phy=0x00000001 reg=0x00000000 val=0x00001140 err=0x00000000
[mdic] write phy=0x00000001 reg=0x00000000 data=0x00001340 result=0x00001340
[link] phy ctrl re-write new=0x00001340
[link] poll status=0x80080781 i=0x00000000
[status] poll raw=0x80080781 lu=0x00000000 fd=0x00000001 sp=0x000003E8
[link] poll status=0x80080781 i=0x00009C40
[status] poll raw=0x80080781 lu=0x00000000 fd=0x00000001 sp=0x000003E8
[link] poll status=0x80080781 i=0x00013880
[status] poll raw=0x80080781 lu=0x00000000 fd=0x00000001 sp=0x000003E8
[link] poll status=0x80080781 i=0x0001D4C0
[status] poll raw=0x80080781 lu=0x00000000 fd=0x00000001 sp=0x000003E8
[link] poll status=0x80080781 i=0x00027100
[status] poll raw=0x80080781 lu=0x00000000 fd=0x00000001 sp=0x000003E8
[link] DOWN status=0x80080781
[txtest] skipped (link down)
[rx] polling enabled
[init] complete
